[11wrz2026 19:55:31.102] [main/INFO] [cpw.mods.modlauncher.Launcher/MODLAUNCHER]: ModLauncher running: args [--launchTarget, forgeclientuserdev, --version, 21.0.148, --assetIndex, 17, --assetsDir, C:\\Users\\jasiu\\.gradle\\caches\\neoformruntime\\assets, --gameDir, ., --fml.neoForgeVersion, 21.0.148, --fml.fmlVersion, 4.0.21, --fml.mcVersion, 1.21, --fml.neoFormVersion, 20240613.152323]
[11wrz2026 19:55:31.105] [main/INFO] [cpw.mods.modlauncher.Launcher/MODLAUNCHER]: JVM identified as Eclipse Adoptium OpenJDK 64-Bit Server VM 21.0.12.1+1-LTS
[11wrz2026 19:55:31.107] [main/INFO] [cpw.mods.modlauncher.Launcher/MODLAUNCHER]: ModLauncher 11.0.4+main.d2e20e43 starting: java version 21.0.12.1 by Eclipse Adoptium; OS Windows 11 arch amd64 version 10.0
[11wrz2026 19:55:31.215] [main/WARN] [net.neoforged.fml.loading.FMLConfig/CORE]: Configuration file C:\Users\jasiu\Downloads\litteral sky\literal-sky-block-main\literal-sky-block-main\run\config\fml.toml is not correct. Correcting
[11wrz2026 19:55:31.216] [main/INFO] [net.neoforged.fml.loading.FMLConfig/CORE]: Incorrect key [disableConfigWatcher] was corrected from null to false
[11wrz2026 19:55:31.217] [main/INFO] [net.neoforged.fml.loading.FMLConfig/CORE]: Incorrect key [earlyWindowSkipGLVersions] was corrected from null to []
[11wrz2026 19:55:31.217] [main/INFO] [net.neoforged.fml.loading.FMLConfig/CORE]: Incorrect key [earlyWindowSquir] was corrected from null to false
[11wrz2026 19:55:31.251] [main/INFO] [net.neoforged.fml.loading.ImmediateWindowHandler/]: Loading ImmediateWindowProvider fmlearlywindow
[11wrz2026 19:55:31.362] [main/INFO] [EARLYDISPLAY/]: Trying GL version 4.6
[11wrz2026 19:55:31.531] [main/INFO] [EARLYDISPLAY/]: Requested GL version 4.6 got version 4.6
[11wrz2026 19:55:31.617] [main/INFO] [mixin/]: SpongePowered MIXIN Subsystem Version=0.8.6 Source=union:/C:/Users/jasiu/.gradle/caches/modules-2/files-2.1/net.fabricmc/sponge-mixin/0.14.0+mixin.0.8.6/c265173c84346e9e5d42a2384b2b02bd39a4a899/sponge-mixin-0.14.0+mixin.0.8.6.jar%23131!/ Service=ModLauncher Env=CLIENT
[11wrz2026 19:55:31.750] [pool-2-thread-1/INFO] [EARLYDISPLAY/]: GL info: AMD Radeon(TM) Graphics GL version 4.6.0 Core Profile Context 26.5.2.260413, ATI Technologies Inc.
[11wrz2026 19:55:31.973] [main/INFO] [net.neoforged.fml.loading.moddiscovery.locators.JarInJarDependencyLocator/]: Found 1 dependencies adding them to mods collection
[11wrz2026 19:55:32.146] [main/INFO] [net.neoforged.fml.loading.FMLServiceProvider/CORE]: Loading coremod script-engine for [neoforge]
[11wrz2026 19:55:33.696] [main/INFO] [mixin/]: Compatibility level set to JAVA_21
[11wrz2026 19:55:33.702] [main/INFO] [cpw.mods.modlauncher.LaunchServiceHandler/MODLAUNCHER]: Launching target 'forgeclientuserdev' with arguments [--version, 21.0.148, --gameDir, ., --assetsDir, C:\Users\jasiu\.gradle\caches\neoformruntime\assets, --assetIndex, 17]
[11wrz2026 19:55:35.275] [Datafixer Bootstrap/INFO] [com.mojang.datafixers.DataFixerBuilder/]: 229 Datafixer optimizations took 302 milliseconds
[11wrz2026 19:55:35.411] [pool-7-thread-1/INFO] [MixinExtras|Service/]: Initializing MixinExtras via com.llamalad7.mixinextras.service.MixinExtrasServiceImpl(version=0.3.5).
[11wrz2026 19:55:40.926] [main/WARN] [net.minecraft.commands.Commands/]: Ambiguity between arguments [teleport, location] and [teleport, destination] with inputs: [0.1 -0.5 .9, 0 0 0]
[11wrz2026 19:55:40.928] [main/WARN] [net.minecraft.commands.Commands/]: Ambiguity between arguments [teleport, location] and [teleport, targets] with inputs: [0.1 -0.5 .9, 0 0 0]
[11wrz2026 19:55:40.933] [main/WARN] [net.minecraft.commands.Commands/]: Ambiguity between arguments [teleport, destination] and [teleport, targets] with inputs: [Player, 0123, @e, dd12be42-52a9-4a91-a8a1-11c01849e498]
[11wrz2026 19:55:40.934] [main/WARN] [net.minecraft.commands.Commands/]: Ambiguity between arguments [teleport, targets] and [teleport, destination] with inputs: [Player, 0123, dd12be42-52a9-4a91-a8a1-11c01849e498]
[11wrz2026 19:55:40.936] [main/WARN] [net.minecraft.commands.Commands/]: Ambiguity between arguments [teleport, targets, location] and [teleport, targets, destination] with inputs: [0.1 -0.5 .9, 0 0 0]
[11wrz2026 19:55:41.075] [Render thread/WARN] [net.minecraft.server.packs.VanillaPackResourcesBuilder/]: Assets URL 'union:/C:/Users/jasiu/Downloads/litteral%20sky/literal-sky-block-main/literal-sky-block-main/build/moddev/artifacts/neoforge-21.0.148-minecraft-merged.jar%23183!/assets/.mcassetsroot' uses unexpected schema
[11wrz2026 19:55:41.076] [Render thread/WARN] [net.minecraft.server.packs.VanillaPackResourcesBuilder/]: Assets URL 'union:/C:/Users/jasiu/Downloads/litteral%20sky/literal-sky-block-main/literal-sky-block-main/build/moddev/artifacts/neoforge-21.0.148-minecraft-merged.jar%23183!/data/.mcassetsroot' uses unexpected schema
[11wrz2026 19:55:41.112] [Render thread/INFO] [com.mojang.authlib.yggdrasil.YggdrasilAuthenticationService/]: Environment: Environment[sessionHost=https://sessionserver.mojang.com, servicesHost=https://api.minecraftservices.com, name=PROD]
[11wrz2026 19:55:41.125] [Render thread/INFO] [net.minecraft.client.Minecraft/]: Setting user: Dev
[11wrz2026 19:55:41.230] [Render thread/INFO] [net.minecraft.client.Minecraft/]: Backend library: LWJGL version 3.3.3+5
[11wrz2026 19:55:41.509] [modloading-worker-0/INFO] [net.neoforged.neoforge.common.NeoForgeMod/NEOFORGE-MOD]: NeoForge mod loading, version 21.0.148, for MC 1.21
[11wrz2026 19:55:42.500] [Render thread/INFO] [net.neoforged.neoforge.gametest.GameTestHooks/]: Enabled Gametest Namespaces: []
[11wrz2026 19:55:42.647] [Render thread/INFO] [net.minecraft.server.packs.resources.ReloadableResourceManager/]: Reloading ResourceManager: vanilla, mod_resources, mod/literalskyblock, mod/neoforge
[11wrz2026 19:55:42.730] [Worker-Main-8/INFO] [net.minecraft.client.gui.font.providers.UnihexProvider/]: Found unifont_all_no_pua-15.1.05.hex, loading
[11wrz2026 19:55:42.905] [Worker-Main-4/INFO] [net.minecraft.client.gui.font.providers.UnihexProvider/]: Found unifont_jp_patch-15.1.05.hex, loading
[11wrz2026 19:55:44.386] [Render thread/WARN] [net.minecraft.client.sounds.SoundEngine/]: Missing sound for event: minecraft:item.goat_horn.play
[11wrz2026 19:55:44.387] [Render thread/WARN] [net.minecraft.client.sounds.SoundEngine/]: Missing sound for event: minecraft:entity.goat.screaming.horn_break
[11wrz2026 19:55:45.071] [Render thread/INFO] [com.mojang.blaze3d.audio.Library/]: OpenAL initialized on device OpenAL Soft on Speaker (Realtek(R) Audio)
[11wrz2026 19:55:45.072] [Render thread/INFO] [net.minecraft.client.sounds.SoundEngine/SOUNDS]: Sound engine started
[11wrz2026 19:55:45.196] [Render thread/INFO] [net.minecraft.client.renderer.texture.TextureAtlas/]: Created: 1024x512x4 minecraft:textures/atlas/blocks.png-atlas
[11wrz2026 19:55:45.208] [Render thread/INFO] [net.minecraft.client.renderer.texture.TextureAtlas/]: Created: 256x256x4 minecraft:textures/atlas/signs.png-atlas
[11wrz2026 19:55:45.209] [Render thread/INFO] [net.minecraft.client.renderer.texture.TextureAtlas/]: Created: 512x512x4 minecraft:textures/atlas/shield_patterns.png-atlas
[11wrz2026 19:55:45.209] [Render thread/INFO] [net.minecraft.client.renderer.texture.TextureAtlas/]: Created: 512x512x4 minecraft:textures/atlas/banner_patterns.png-atlas
[11wrz2026 19:55:45.210] [Render thread/INFO] [net.minecraft.client.renderer.texture.TextureAtlas/]: Created: 1024x1024x4 minecraft:textures/atlas/armor_trims.png-atlas
[11wrz2026 19:55:45.218] [Render thread/INFO] [net.minecraft.client.renderer.texture.TextureAtlas/]: Created: 128x64x4 minecraft:textures/atlas/decorated_pot.png-atlas
[11wrz2026 19:55:45.219] [Render thread/INFO] [net.minecraft.client.renderer.texture.TextureAtlas/]: Created: 256x256x4 minecraft:textures/atlas/chest.png-atlas
[11wrz2026 19:55:45.219] [Render thread/INFO] [net.minecraft.client.renderer.texture.TextureAtlas/]: Created: 512x256x4 minecraft:textures/atlas/shulker_boxes.png-atlas
[11wrz2026 19:55:45.219] [Render thread/INFO] [net.minecraft.client.renderer.texture.TextureAtlas/]: Created: 512x256x4 minecraft:textures/atlas/beds.png-atlas
[11wrz2026 19:55:45.386] [Render thread/INFO] [net.minecraft.client.renderer.texture.TextureAtlas/]: Created: 512x256x0 minecraft:textures/atlas/particles.png-atlas
[11wrz2026 19:55:45.388] [Render thread/INFO] [net.minecraft.client.renderer.texture.TextureAtlas/]: Created: 512x256x0 minecraft:textures/atlas/paintings.png-atlas
[11wrz2026 19:55:45.389] [Render thread/INFO] [net.minecraft.client.renderer.texture.TextureAtlas/]: Created: 256x128x0 minecraft:textures/atlas/mob_effects.png-atlas
[11wrz2026 19:55:45.389] [Render thread/INFO] [net.minecraft.client.renderer.texture.TextureAtlas/]: Created: 64x64x0 minecraft:textures/atlas/map_decorations.png-atlas
[11wrz2026 19:55:45.389] [Render thread/INFO] [net.minecraft.client.renderer.texture.TextureAtlas/]: Created: 1024x512x0 minecraft:textures/atlas/gui.png-atlas
[11wrz2026 19:55:45.421] [Render thread/WARN] [net.minecraft.client.renderer.ShaderInstance/]: Shader rendertype_entity_translucent_emissive could not find sampler named Sampler2 in the specified shader program.
[11wrz2026 19:55:50.198] [Render thread/INFO] [net.minecraft.world.item.crafting.RecipeManager/]: Loaded 1293 recipes
[11wrz2026 19:55:50.353] [Render thread/INFO] [net.minecraft.advancements.AdvancementTree/]: Loaded 1399 advancements
[11wrz2026 19:55:53.185] [Server thread/INFO] [net.minecraft.client.server.IntegratedServer/]: Starting integrated minecraft server version 1.21
[11wrz2026 19:55:53.186] [Server thread/INFO] [net.minecraft.server.MinecraftServer/]: Generating keypair
[11wrz2026 19:55:55.502] [Server thread/INFO] [net.minecraft.server.MinecraftServer/]: Preparing start region for dimension minecraft:overworld
[11wrz2026 19:55:55.533] [progressListener/INFO] [net.minecraft.server.level.progress.LoggerChunkProgressListener/]: Preparing spawn area: 2%
[11wrz2026 19:55:56.023] [progressListener/INFO] [net.minecraft.server.level.progress.LoggerChunkProgressListener/]: Preparing spawn area: 2%
[11wrz2026 19:55:56.582] [progressListener/INFO] [net.minecraft.server.level.progress.LoggerChunkProgressListener/]: Preparing spawn area: 18%
[11wrz2026 19:55:57.014] [progressListener/INFO] [net.minecraft.server.level.progress.LoggerChunkProgressListener/]: Preparing spawn area: 18%
[11wrz2026 19:55:57.521] [progressListener/INFO] [net.minecraft.server.level.progress.LoggerChunkProgressListener/]: Preparing spawn area: 51%
[11wrz2026 19:55:57.750] [Server thread/INFO] [net.neoforged.neoforge.server.permission.PermissionAPI/]: Successfully initialized permission handler neoforge:default_handler
[11wrz2026 19:55:57.756] [progressListener/INFO] [net.minecraft.server.level.progress.LoggerChunkProgressListener/]: Time elapsed: 2244 ms
[11wrz2026 19:55:57.801] [Server thread/INFO] [net.minecraft.client.server.IntegratedServer/]: Changing view distance to 12, from 10
[11wrz2026 19:55:57.801] [Server thread/INFO] [net.minecraft.client.server.IntegratedServer/]: Changing simulation distance to 12, from 0
[11wrz2026 19:55:58.462] [Server thread/INFO] [net.minecraft.server.players.PlayerList/]: Dev[local:E:9c77498e] logged in with entity id 54 at (12.5, 67.0, -39.5)
[11wrz2026 19:55:58.536] [Server thread/INFO] [net.minecraft.server.MinecraftServer/]: Dev joined the game
[11wrz2026 19:55:58.697] [Render thread/INFO] [net.minecraft.advancements.AdvancementTree/]: Loaded 2 advancements
[11wrz2026 19:56:05.992] [Server thread/INFO] [net.minecraft.server.MinecraftServer/]: [Dev: Unlocked 1293 recipes for Dev]
[11wrz2026 19:56:06.023] [Render thread/INFO] [net.minecraft.client.gui.components.ChatComponent/]: [System] [CHAT] Unlocked 1293 recipes for Dev
[11wrz2026 19:56:06.051] [Render thread/INFO] [net.minecraft.advancements.AdvancementTree/]: Loaded 1277 advancements
[11wrz2026 19:56:10.365] [Render thread/INFO] [net.minecraft.advancements.AdvancementTree/]: Loaded 1280 advancements
[11wrz2026 19:56:16.803] [Server thread/INFO] [net.minecraft.client.server.IntegratedServer/]: Saving and pausing game...
[11wrz2026 19:56:16.864] [Server thread/INFO] [net.minecraft.server.MinecraftServer/]: Saving chunks for level 'ServerLevel[New World]'/minecraft:overworld
[11wrz2026 19:56:16.909] [Server thread/INFO] [net.minecraft.server.MinecraftServer/]: Saving chunks for level 'ServerLevel[New World]'/minecraft:the_end
[11wrz2026 19:56:16.928] [Server thread/INFO] [net.minecraft.server.MinecraftServer/]: Saving chunks for level 'ServerLevel[New World]'/minecraft:the_nether
[11wrz2026 19:56:17.342] [Server thread/INFO] [net.minecraft.server.network.ServerGamePacketListenerImpl/]: Dev lost connection: Disconnected
[11wrz2026 19:56:17.343] [Server thread/INFO] [net.minecraft.server.MinecraftServer/]: Dev left the game
[11wrz2026 19:56:17.390] [Server thread/INFO] [net.minecraft.server.network.ServerCommonPacketListenerImpl/]: Stopping singleplayer server as player logged out
[11wrz2026 19:56:17.428] [Server thread/INFO] [net.minecraft.server.MinecraftServer/]: Stopping server
[11wrz2026 19:56:17.430] [Server thread/INFO] [net.minecraft.server.MinecraftServer/]: Saving players
[11wrz2026 19:56:17.430] [Server thread/INFO] [net.minecraft.server.MinecraftServer/]: Saving worlds
[11wrz2026 19:56:19.632] [Server thread/INFO] [net.minecraft.server.MinecraftServer/]: Saving chunks for level 'ServerLevel[New World]'/minecraft:overworld
[11wrz2026 19:56:19.790] [Server thread/INFO] [net.minecraft.server.MinecraftServer/]: Saving chunks for level 'ServerLevel[New World]'/minecraft:the_end
[11wrz2026 19:56:19.797] [Server thread/INFO] [net.minecraft.server.MinecraftServer/]: Saving chunks for level 'ServerLevel[New World]'/minecraft:the_nether
[11wrz2026 19:56:19.815] [Server thread/INFO] [net.minecraft.server.MinecraftServer/]: ThreadedAnvilChunkStorage (New World): All chunks are saved
[11wrz2026 19:56:19.815] [Server thread/INFO] [net.minecraft.server.MinecraftServer/]: ThreadedAnvilChunkStorage (DIM1): All chunks are saved
[11wrz2026 19:56:19.815] [Server thread/INFO] [net.minecraft.server.MinecraftServer/]: ThreadedAnvilChunkStorage (DIM-1): All chunks are saved
[11wrz2026 19:56:19.815] [Server thread/INFO] [net.minecraft.server.MinecraftServer/]: ThreadedAnvilChunkStorage: All dimensions are saved
[11wrz2026 19:56:20.477] [Render thread/INFO] [net.minecraft.client.Minecraft/]: Stopping!
